[predict] loading model + threshold...
[predict] threshold=0.91
[predict] test candidate pairs: 105,343,819
  scored 4,999,168/105,343,819  (29.3s elapsed)
  scored 9,997,696/105,343,819  (60.2s elapsed)
  scored 14,996,224/105,343,819  (90.3s elapsed)
  scored 19,994,752/105,343,819  (117.2s elapsed)
  scored 24,993,280/105,343,819  (142.9s elapsed)
  scored 29,992,128/105,343,819  (167.7s elapsed)
  scored 34,990,976/105,343,819  (192.1s elapsed)
  scored 39,989,504/105,343,819  (216.4s elapsed)
  scored 44,988,032/105,343,819  (240.8s elapsed)
  scored 49,986,560/105,343,819  (265.4s elapsed)
  scored 54,985,088/105,343,819  (289.8s elapsed)
  scored 59,983,616/105,343,819  (314.4s elapsed)
  scored 64,982,784/105,343,819  (339.2s elapsed)
  scored 69,981,312/105,343,819  (363.8s elapsed)
  scored 74,979,840/105,343,819  (388.0s elapsed)
  scored 79,978,368/105,343,819  (412.0s elapsed)
  scored 84,976,896/105,343,819  (436.4s elapsed)
  scored 89,975,744/105,343,819  (460.4s elapsed)
  scored 94,974,592/105,343,819  (484.4s elapsed)
  scored 99,973,120/105,343,819  (508.4s elapsed)
  scored 104,971,403/105,343,819  (532.7s elapsed)
  scored 105,343,819/105,343,819  (534.5s elapsed)
[predict] scoring done (538.0s elapsed) -> building TSVs via DuckDB...
[predict] candidate_pairs.tsv written (546.0s elapsed)
[predict] matching_results.tsv written (555.5s elapsed)
[predict] S1 entities with >=1 match: 1,555,164/1,732,544 (89.76%)
[predict] total matched pairs: 4,776,742 (mean 2.76/S1)
[predict] done (555.6s total)
