[threshold] loading model...
[threshold] scoring val candidates...
[threshold] val candidates: 25,095,879  val S1 entities: 442,191  (119.8s elapsed)
[threshold] sweeping thresholds...
  threshold=0.05  macro_F0.5=0.66055
  threshold=0.10  macro_F0.5=0.69132
  threshold=0.15  macro_F0.5=0.71323
  threshold=0.20  macro_F0.5=0.73030
  threshold=0.25  macro_F0.5=0.74423
  threshold=0.30  macro_F0.5=0.75596
  threshold=0.35  macro_F0.5=0.76635
  threshold=0.40  macro_F0.5=0.77555
  threshold=0.45  macro_F0.5=0.78368
  threshold=0.50  macro_F0.5=0.79175
  threshold=0.55  macro_F0.5=0.80235
  threshold=0.60  macro_F0.5=0.81200
  threshold=0.65  macro_F0.5=0.81904
  threshold=0.70  macro_F0.5=0.82583
  threshold=0.75  macro_F0.5=0.83265
  threshold=0.80  macro_F0.5=0.83909
  threshold=0.85  macro_F0.5=0.84966
  threshold=0.90  macro_F0.5=0.85419
  threshold=0.91  macro_F0.5=0.85422
  threshold=0.91  macro_F0.5=0.85423
  threshold=0.92  macro_F0.5=0.85419
  threshold=0.92  macro_F0.5=0.85395
  threshold=0.93  macro_F0.5=0.85353
  threshold=0.93  macro_F0.5=0.85300
  threshold=0.94  macro_F0.5=0.85234
  threshold=0.94  macro_F0.5=0.85145
  threshold=0.94  macro_F0.5=0.85043
  threshold=0.95  macro_F0.5=0.84910
  threshold=0.95  macro_F0.5=0.84743
  threshold=0.96  macro_F0.5=0.84518
  threshold=0.96  macro_F0.5=0.84241
  threshold=0.97  macro_F0.5=0.83878
  threshold=0.97  macro_F0.5=0.83374
  threshold=0.98  macro_F0.5=0.82655
  threshold=0.98  macro_F0.5=0.81525
  threshold=0.99  macro_F0.5=0.79481
  threshold=0.99  macro_F0.5=0.74692

[threshold] BEST threshold=0.910  macro_F0.5=0.85423  (154.4s total)
[threshold] sweep saved -> /Users/shreyas/Developer/amazon-ml/student_resource/experiments/threshold_sweep.csv
